// Vitest Snapshot v1

exports[`connection > serialization 1`] = `"YXJyYXljb25uZWN0aW9uOjc="`;
