// Vitest Snapshot v1

exports[`media > uploadUrl 1`] = `"https://storage.googleapis.com/wonderboymusic/2018/01/31/foo.png"`;
